// Jest Snapshot v1, https://goo.gl/fbAQLP

exports[`UserList component Snapshot of UserList component 1`] = `
<Grid>
  <Loading
    isLoading={false}
  />
  <GridRow>
    <GridColumn
      textAlign="left"
      width={8}
    >
      <h3>
        Manage Users
      </h3>
    </GridColumn>
    <GridColumn
      textAlign="right"
      width={8}
    >
      <Link
        className="ui button primary"
        to="/add-user"
      >
        + Add User
      </Link>
    </GridColumn>
  </GridRow>
  <GridRow
    centered={true}
  >
    <Connect(UnconnectedCustomTable)
      columns={
        Array [
          Object {
            "keyName": "firstName",
            "label": "First Name",
            "searchable": true,
            "sort": true,
            "sortable": true,
          },
          Object {
            "keyName": "lastName",
            "label": "Last Name",
            "searchable": true,
            "sort": null,
            "sortable": true,
          },
          Object {
            "keyName": "email",
            "label": "Email",
            "searchable": true,
            "sort": null,
            "sortable": true,
          },
          Object {
            "keyName": "employeeId",
            "label": "Employee Id",
            "searchable": true,
            "sort": null,
            "sortable": true,
          },
          Object {
            "keyName": "balance",
            "label": "Balance",
            "searchable": true,
            "sort": null,
            "sortable": true,
          },
        ]
      }
      module="USERS"
      tableData={
        Array [
          Object {
            "firstName": "Pankaj",
            "id": 4,
            "lastName": "Birle",
          },
          Object {
            "firstName": "Rohan",
            "id": 5,
            "lastName": "Bajpai",
          },
        ]
      }
    />
  </GridRow>
</Grid>
`;
